Archive member included to satisfy reference by file (symbol)

c:/ac6/systemworkbench/plugins/fr.ac6.mcu.externaltools.arm-none.win32_1.17.0.201812190825/tools/compiler/bin/../lib/gcc/arm-none-eabi/7.3.1/../../../../arm-none-eabi/lib/thumb/v7e-m\libc.a(lib_a-exit.o)
                              c:/ac6/systemworkbench/plugins/fr.ac6.mcu.externaltools.arm-none.win32_1.17.0.201812190825/tools/compiler/bin/../lib/gcc/arm-none-eabi/7.3.1/../../../../arm-none-eabi/lib/thumb/v7e-m/rdimon-crt0.o (exit)
c:/ac6/systemworkbench/plugins/fr.ac6.mcu.externaltools.arm-none.win32_1.17.0.201812190825/tools/compiler/bin/../lib/gcc/arm-none-eabi/7.3.1/../../../../arm-none-eabi/lib/thumb/v7e-m\libc.a(lib_a-impure.o)
                              c:/ac6/systemworkbench/plugins/fr.ac6.mcu.externaltools.arm-none.win32_1.17.0.201812190825/tools/compiler/bin/../lib/gcc/arm-none-eabi/7.3.1/../../../../arm-none-eabi/lib/thumb/v7e-m\libc.a(lib_a-exit.o) (_global_impure_ptr)
c:/ac6/systemworkbench/plugins/fr.ac6.mcu.externaltools.arm-none.win32_1.17.0.201812190825/tools/compiler/bin/../lib/gcc/arm-none-eabi/7.3.1/../../../../arm-none-eabi/lib/thumb/v7e-m\libc.a(lib_a-init.o)
                              c:/ac6/systemworkbench/plugins/fr.ac6.mcu.externaltools.arm-none.win32_1.17.0.201812190825/tools/compiler/bin/../lib/gcc/arm-none-eabi/7.3.1/../../../../arm-none-eabi/lib/thumb/v7e-m/rdimon-crt0.o (__libc_init_array)
c:/ac6/systemworkbench/plugins/fr.ac6.mcu.externaltools.arm-none.win32_1.17.0.201812190825/tools/compiler/bin/../lib/gcc/arm-none-eabi/7.3.1/../../../../arm-none-eabi/lib/thumb/v7e-m\libc.a(lib_a-memset.o)
                              c:/ac6/systemworkbench/plugins/fr.ac6.mcu.externaltools.arm-none.win32_1.17.0.201812190825/tools/compiler/bin/../lib/gcc/arm-none-eabi/7.3.1/../../../../arm-none-eabi/lib/thumb/v7e-m/rdimon-crt0.o (memset)
c:/ac6/systemworkbench/plugins/fr.ac6.mcu.externaltools.arm-none.win32_1.17.0.201812190825/tools/compiler/bin/../lib/gcc/arm-none-eabi/7.3.1/../../../../arm-none-eabi/lib/thumb/v7e-m\libc.a(lib_a-__call_atexit.o)
                              c:/ac6/systemworkbench/plugins/fr.ac6.mcu.externaltools.arm-none.win32_1.17.0.201812190825/tools/compiler/bin/../lib/gcc/arm-none-eabi/7.3.1/../../../../arm-none-eabi/lib/thumb/v7e-m\libc.a(lib_a-exit.o) (__call_exitprocs)
c:/ac6/systemworkbench/plugins/fr.ac6.mcu.externaltools.arm-none.win32_1.17.0.201812190825/tools/compiler/bin/../lib/gcc/arm-none-eabi/7.3.1/../../../../arm-none-eabi/lib/thumb/v7e-m\libc.a(lib_a-atexit.o)
                              c:/ac6/systemworkbench/plugins/fr.ac6.mcu.externaltools.arm-none.win32_1.17.0.201812190825/tools/compiler/bin/../lib/gcc/arm-none-eabi/7.3.1/../../../../arm-none-eabi/lib/thumb/v7e-m\libc.a(lib_a-__call_atexit.o) (atexit)
c:/ac6/systemworkbench/plugins/fr.ac6.mcu.externaltools.arm-none.win32_1.17.0.201812190825/tools/compiler/bin/../lib/gcc/arm-none-eabi/7.3.1/../../../../arm-none-eabi/lib/thumb/v7e-m\libc.a(lib_a-fini.o)
                              c:/ac6/systemworkbench/plugins/fr.ac6.mcu.externaltools.arm-none.win32_1.17.0.201812190825/tools/compiler/bin/../lib/gcc/arm-none-eabi/7.3.1/../../../../arm-none-eabi/lib/thumb/v7e-m\libc.a(lib_a-__call_atexit.o) (__libc_fini_array)
c:/ac6/systemworkbench/plugins/fr.ac6.mcu.externaltools.arm-none.win32_1.17.0.201812190825/tools/compiler/bin/../lib/gcc/arm-none-eabi/7.3.1/../../../../arm-none-eabi/lib/thumb/v7e-m\libc.a(lib_a-lock.o)
                              c:/ac6/systemworkbench/plugins/fr.ac6.mcu.externaltools.arm-none.win32_1.17.0.201812190825/tools/compiler/bin/../lib/gcc/arm-none-eabi/7.3.1/../../../../arm-none-eabi/lib/thumb/v7e-m\libc.a(lib_a-__call_atexit.o) (__retarget_lock_acquire_recursive)
c:/ac6/systemworkbench/plugins/fr.ac6.mcu.externaltools.arm-none.win32_1.17.0.201812190825/tools/compiler/bin/../lib/gcc/arm-none-eabi/7.3.1/../../../../arm-none-eabi/lib/thumb/v7e-m\libc.a(lib_a-__atexit.o)
                              c:/ac6/systemworkbench/plugins/fr.ac6.mcu.externaltools.arm-none.win32_1.17.0.201812190825/tools/compiler/bin/../lib/gcc/arm-none-eabi/7.3.1/../../../../arm-none-eabi/lib/thumb/v7e-m\libc.a(lib_a-atexit.o) (__register_exitproc)
c:/ac6/systemworkbench/plugins/fr.ac6.mcu.externaltools.arm-none.win32_1.17.0.201812190825/tools/compiler/bin/../lib/gcc/arm-none-eabi/7.3.1/../../../../arm-none-eabi/lib/thumb/v7e-m\librdimon.a(rdimon-syscalls.o)
                              c:/ac6/systemworkbench/plugins/fr.ac6.mcu.externaltools.arm-none.win32_1.17.0.201812190825/tools/compiler/bin/../lib/gcc/arm-none-eabi/7.3.1/../../../../arm-none-eabi/lib/thumb/v7e-m/rdimon-crt0.o (initialise_monitor_handles)
c:/ac6/systemworkbench/plugins/fr.ac6.mcu.externaltools.arm-none.win32_1.17.0.201812190825/tools/compiler/bin/../lib/gcc/arm-none-eabi/7.3.1/../../../../arm-none-eabi/lib/thumb/v7e-m\librdimon.a(rdimon-_exit.o)
[...]
Memory Configuration

Name             Origin             Length             Attributes
RAM              0x20000000         0x00020000         xrw
ROM              0x08000000         0x00100000         xr
*default*        0x00000000         0xffffffff

Linker script and memory map

LOAD c:/ac6/systemworkbench/plugins/fr.ac6.mcu.externaltools.arm-none.win32_1.17.0.201812190825/tools/compiler/bin/../lib/gcc/arm-none-eabi/7.3.1/thumb/v7e-m/crti.o
LOAD c:/ac6/systemworkbench/plugins/fr.ac6.mcu.externaltools.arm-none.win32_1.17.0.201812190825/tools/compiler/bin/../lib/gcc/arm-none-eabi/7.3.1/thumb/v7e-m/crtbegin.o
LOAD c:/ac6/systemworkbench/plugins/fr.ac6.mcu.externaltools.arm-none.win32_1.17.0.201812190825/tools/compiler/bin/../lib/gcc/arm-none-eabi/7.3.1/../../../../arm-none-eabi/lib/thumb/v7e-m/rdimon-crt0.o
LOAD c:/ac6/systemworkbench/plugins/fr.ac6.mcu.externaltools.arm-none.win32_1.17.0.201812190825/tools/compiler/bin/../lib/gcc/arm-none-eabi/7.3.1/../../../../arm-none-eabi/lib/thumb/v7e-m\libc.a
LOAD c:/ac6/systemworkbench/plugins/fr.ac6.mcu.externaltools.arm-none.win32_1.17.0.201812190825/tools/compiler/bin/../lib/gcc/arm-none-eabi/7.3.1/../../../../arm-none-eabi/lib/thumb/v7e-m\librdimon.a
LOAD drivers/src/stm32f407xx_gpio_driver.o
LOAD drivers/src/stm32f407xx_i2c_driver.o
LOAD drivers/src/stm32f407xx_rcc_driver.o
LOAD drivers/src/stm32f407xx_spi_driver.o
LOAD src/009spi_cmd_handling_it.o
LOAD startup/startup_stm32.o
LOAD startup/sysmem.o
LOAD c:/ac6/systemworkbench/plugins/fr.ac6.mcu.externaltools.arm-none.win32_1.17.0.201812190825/tools/compiler/bin/../lib/gcc/arm-none-eabi/7.3.1/../../../../arm-none-eabi/lib/thumb/v7e-m\libm.a
START GROUP
LOAD c:/ac6/systemworkbench/plugins/fr.ac6.mcu.externaltools.arm-none.win32_1.17.0.201812190825/tools/compiler/bin/../lib/gcc/arm-none-eabi/7.3.1/thumb/v7e-m\libgcc.a
LOAD c:/ac6/systemworkbench/plugins/fr.ac6.mcu.externaltools.arm-none.win32_1.17.0.201812190825/tools/compiler/bin/../lib/gcc/arm-none-eabi/7.3.1/../../../../arm-none-eabi/lib/thumb/v7e-m\libc.a
END GROUP
START GROUP
LOAD c:/ac6/systemworkbench/plugins/fr.ac6.mcu.externaltools.arm-none.win32_1.17.0.201812190825/tools/compiler/bin/../lib/gcc/arm-none-eabi/7.3.1/thumb/v7e-m\libgcc.a
LOAD c:/ac6/systemworkbench/plugins/fr.ac6.mcu.externaltools.arm-none.win32_1.17.0.201812190825/tools/compiler/bin/../lib/gcc/arm-none-eabi/7.3.1/../../../../arm-none-eabi/lib/thumb/v7e-m\libc.a
LOAD c:/ac6/systemworkbench/plugins/fr.ac6.mcu.externaltools.arm-none.win32_1.17.0.201812190825/tools/compiler/bin/../lib/gcc/arm-none-eabi/7.3.1/../../../../arm-none-eabi/lib/thumb/v7e-m\librdimon.a
END GROUP
LOAD c:/ac6/systemworkbench/plugins/fr.ac6.mcu.externaltools.arm-none.win32_1.17.0.201812190825/tools/compiler/bin/../lib/gcc/arm-none-eabi/7.3.1/thumb/v7e-m/crtend.o
LOAD c:/ac6/systemworkbench/plugins/fr.ac6.mcu.externaltools.arm-none.win32_1.17.0.201812190825/tools/compiler/bin/../lib/gcc/arm-none-eabi/7.3.1/thumb/v7e-m/crtn.o
                0x20020000                _estack = 0x20020000
                0x00000000                _Min_Heap_Size = 0x0
                0x00000400                _Min_Stack_Size = 0x400

.isr_vector     0x08000000      0x1a8
                0x08000000                . = ALIGN (0x4)
 *(.isr_vector)
 .isr_vector    0x08000000      0x1a8 startup/startup_stm32.o
                0x08000000                g_pfnVectors
                0x080001a8                . = ALIGN (0x4)

.text           0x080001a8      0xe04
                0x080001a8                . = ALIGN (0x4)
 *(.text)
 .text          0x080001a8       0x40 c:/ac6/systemworkbench/plugins/fr.ac6.mcu.externaltools.arm-none.win32_1.17.0.201812190825/tools/compiler/bin/../lib/gcc/arm-none-eabi/7.3.1/thumb/v7e-m/crtbegin.o
 *(.text*)
 .text.__libc_init_array
                0x080001e8       0x48 c:/ac6/systemworkbench/plugins/fr.ac6.mcu.externaltools.arm-none.win32_1.17.0.201812190825/tools/compiler/bin/../lib/gcc/arm-none-eabi/7.3.1/../../../../arm-none-eabi/lib/thumb/v7e-m\libc.a(lib_a-init.o)
                0x080001e8                __libc_init_array
 .text.startup.register_fini
                0x08000230       0x14 c:/ac6/systemworkbench/plugins/fr.ac6.mcu.externaltools.arm-none.win32_1.17.0.201812190825/tools/compiler/bin/../lib/gcc/arm-none-eabi/7.3.1/../../../../arm-none-eabi/lib/thumb/v7e-m\libc.a(lib_a-__call_atexit.o)
 .text.atexit   0x08000244        0xc c:/ac6/systemworkbench/plugins/fr.ac6.mcu.externaltools.arm-none.win32_1.17.0.201812190825/tools/compiler/bin/../lib/gcc/arm-none-eabi/7.3.1/../../../../arm-none-eabi/lib/thumb/v7e-m\libc.a(lib_a-atexit.o)
                0x08000244                atexit
 .text.__libc_fini_array
                0x08000250       0x34 c:/ac6/systemworkbench/plugins/fr.ac6.mcu.externaltools.arm-none.win32_1.17.0.201812190825/tools/compiler/bin/../lib/gcc/arm-none-eabi/7.3.1/../../../../arm-none-eabi/lib/thumb/v7e-m\libc.a(lib_a-fini.o)
                0x08000250                __libc_fini_array
 .text.__retarget_lock_acquire_recursive
                0x08000284        0x4 c:/ac6/systemworkbench/plugins/fr.ac6.mcu.externaltools.arm-none.win32_1.17.0.201812190825/tools/compiler/bin/../lib/gcc/arm-none-eabi/7.3.1/../../../../arm-none-eabi/lib/thumb/v7e-m\libc.a(lib_a-lock.o)
                0x08000284                __retarget_lock_acquire_recursive
 .text.__retarget_lock_release_recursive
                0x08000288        0x4 c:/ac6/systemworkbench/plugins/fr.ac6.mcu.externaltools.arm-none.win32_1.17.0.201812190825/tools/compiler/bin/../lib/gcc/arm-none-eabi/7.3.1/../../../../arm-none-eabi/lib/thumb/v7e-m\libc.a(lib_a-lock.o)
                0x08000288                __retarget_lock_release_recursive
 .text.__register_exitproc
                0x0800028c       0xc0 c:/ac6/systemworkbench/plugins/fr.ac6.mcu.externaltools.arm-none.win32_1.17.0.201812190825/tools/compiler/bin/../lib/gcc/arm-none-eabi/7.3.1/../../../../arm-none-eabi/lib/thumb/v7e-m\libc.a(lib_a-__atexit.o)
                0x0800028c                __register_exitproc
 .text.GPIO_PeriClockControl
                0x0800034c      0x108 drivers/src/stm32f407xx_gpio_driver.o
                0x0800034c                GPIO_PeriClockControl
 .text.GPIO_Init
                0x08000454      0x340 drivers/src/stm32f407xx_gpio_driver.o
                0x08000454                GPIO_Init
 .text.GPIO_ReadFromInputPin
                0x08000794       0x2a drivers/src/stm32f407xx_gpio_driver.o
                0x08000794                GPIO_ReadFromInputPin
 *fill*         0x080007be        0x2 
 .text.SPI_PeriClockControl
                0x080007c0       0x6c drivers/src/stm32f407xx_spi_driver.o
                0x080007c0                SPI_PeriClockControl
 .text.SPI_Init
                0x0800082c       0xb6 drivers/src/stm32f407xx_spi_driver.o
                0x0800082c                SPI_Init
 .text.SPI_GetFlagStatus
                0x080008e2       0x26 drivers/src/stm32f407xx_spi_driver.o
                0x080008e2                SPI_GetFlagStatus
 .text.SPI_PeripheralControl
                0x08000908       0x36 drivers/src/stm32f407xx_spi_driver.o
                0x08000908                SPI_PeripheralControl
 .text.SPI_SSOEConfig
                0x0800093e       0x36 drivers/src/stm32f407xx_spi_driver.o
                0x0800093e                SPI_SSOEConfig
 .text.SPI_IRQInterruptConfig
                0x08000974      0x108 drivers/src/stm32f407xx_spi_driver.o
                0x08000974                SPI_IRQInterruptConfig
 .text.SPI_ReceiveDataIT
                0x08000a7c       0x46 drivers/src/stm32f407xx_spi_driver.o
                0x08000a7c                SPI_ReceiveDataIT
 .text.SPI_IRQHandling
                0x08000ac2       0x9a drivers/src/stm32f407xx_spi_driver.o
                0x08000ac2                SPI_IRQHandling
 .text.spi_txe_interrupt_handle
                0x08000b5c       0x80 drivers/src/stm32f407xx_spi_driver.o
 .text.spi_rxne_interrupt_handle
                0x08000bdc       0x84 drivers/src/stm32f407xx_spi_driver.o
 .text.spi_ovr_err_interrupt_handle
                0x08000c60       0x30 drivers/src/stm32f407xx_spi_driver.o
 .text.SPI_CloseTransmisson
                0x08000c90       0x34 drivers/src/stm32f407xx_spi_driver.o
                0x08000c90                SPI_CloseTransmisson
 .text.SPI_CloseReception
                0x08000cc4       0x34 drivers/src/stm32f407xx_spi_driver.o
                0x08000cc4                SPI_CloseReception
 .text.delay    0x08000cf8       0x28 src/009spi_cmd_handling_it.o
                0x08000cf8                delay
 .text.SPI2_GPIOInits
                0x08000d20       0x50 src/009spi_cmd_handling_it.o
                0x08000d20                SPI2_GPIOInits
 .text.SPI2_Inits
                0x08000d70       0x48 src/009spi_cmd_handling_it.o
                0x08000d70                SPI2_Inits
 .text.GPIO_ButtonInit
                0x08000db8       0x5c src/009spi_cmd_handling_it.o
                0x08000db8                GPIO_ButtonInit
 .text.main     0x08000e14       0x90 src/009spi_cmd_handling_it.o
                0x08000e14                main
 .text.SPI2_IRQHandler
                0x08000ea4       0x14 src/009spi_cmd_handling_it.o
                0x08000ea4                SPI2_IRQHandler
 .text.SPI_ApplicationEventCallback
                0x08000eb8       0x88 src/009spi_cmd_handling_it.o
                0x08000eb8                SPI_ApplicationEventCallback
 .text.Reset_Handler
                0x08000f40       0x50 startup/startup_stm32.o
                0x08000f40                Reset_Handler
 .text.Default_Handler
                0x08000f90        0x2 startup/startup_stm32.o
                0x08000f90                RTC_Alarm_IRQHandler
                0x08000f90                HASH_RNG_IRQHandler
                0x08000f90                EXTI2_IRQHandler
                0x08000f90                TIM8_CC_IRQHandler
                0x08000f90                DebugMon_Handler
                0x08000f90                TIM1_CC_IRQHandler
                0x08000f90                DMA2_Stream5_IRQHandler
                0x08000f90                HardFault_Handler
                0x08000f90                DMA1_Stream5_IRQHandler
                0x08000f90                SysTick_Handler
                0x08000f90                PVD_IRQHandler
                0x08000f90                SDIO_IRQHandler
                0x08000f90                TAMP_STAMP_IRQHandler
                0x08000f90                PendSV_Handler
                0x08000f90                NMI_Handler
                0x08000f90                CAN2_RX1_IRQHandler
                0x08000f90                EXTI3_IRQHandler
                0x08000f90                TIM8_TRG_COM_TIM14_IRQHandler
                0x08000f90                TIM1_UP_TIM10_IRQHandler
                0x08000f90                TIM8_UP_TIM13_IRQHandler
                0x08000f90                I2C3_ER_IRQHandler
                0x08000f90                LCD_TFT_IRQHandler
                0x08000f90                EXTI0_IRQHandler
                0x08000f90                I2C2_EV_IRQHandler
                0x08000f90                DMA1_Stream2_IRQHandler
                0x08000f90                CAN1_RX0_IRQHandler
                0x08000f90                FPU_IRQHandler
                0x08000f90                OTG_HS_WKUP_IRQHandler
                0x08000f90                UsageFault_Handler
                0x08000f90                CAN2_SCE_IRQHandler
                0x08000f90                DMA2_Stream2_IRQHandler
                0x08000f90                SPI1_IRQHandler
                0x08000f90                TIM6_DAC_IRQHandler
                0x08000f90                TIM1_BRK_TIM9_IRQHandler
                0x08000f90                DCMI_IRQHandler
                0x08000f90                CAN2_RX0_IRQHandler
                0x08000f90                DMA2_Stream3_IRQHandler
                0x08000f90                USART6_IRQHandler
                0x08000f90                USART3_IRQHandler
                0x08000f90                CRYP_IRQHandler
                0x08000f90                CAN1_RX1_IRQHandler
                0x08000f90                UART5_IRQHandler
                0x08000f90                DMA2_Stream0_IRQHandler
                0x08000f90                TIM4_IRQHandler
                0x08000f90                I2C1_EV_IRQHandler
                0x08000f90                DMA1_Stream6_IRQHandler
                0x08000f90                DMA1_Stream1_IRQHandler
                0x08000f90                UART4_IRQHandler
                0x08000f90                LCD_TFT_1_IRQHandler
                0x08000f90                TIM3_IRQHandler
                0x08000f90                RCC_IRQHandler
                0x08000f90                TIM8_BRK_TIM12_IRQHandler
                0x08000f90                Default_Handler
                0x08000f90                EXTI15_10_IRQHandler
                0x08000f90                ADC_IRQHandler
                0x08000f90                DMA1_Stream7_IRQHandler
                0x08000f90                TIM7_IRQHandler
                0x08000f90                CAN2_TX_IRQHandler
                0x08000f90                TIM5_IRQHandler
                0x08000f90                DMA2_Stream7_IRQHandler
                0x08000f90                I2C3_EV_IRQHandler
                0x08000f90                EXTI9_5_IRQHandler
                0x08000f90                RTC_WKUP_IRQHandler
                0x08000f90                ETH_WKUP_IRQHandler
                0x08000f90                OTG_HS_EP1_IN_IRQHandler
                0x08000f90                MemManage_Handler
                0x08000f90                DMA1_Stream0_IRQHandler
                0x08000f90                CAN1_TX_IRQHandler
                0x08000f90                SVC_Handler
                0x08000f90                EXTI4_IRQHandler
                0x08000f90                FSMC_IRQHandler
                0x08000f90                ETH_IRQHandler
                0x08000f90                OTG_HS_EP1_OUT_IRQHandler
                0x08000f90                WWDG_IRQHandler
                0x08000f90                TIM2_IRQHandler
                0x08000f90                OTG_FS_WKUP_IRQHandler
                0x08000f90                TIM1_TRG_COM_TIM11_IRQHandler
                0x08000f90                OTG_HS_IRQHandler
                0x08000f90                EXTI1_IRQHandler
                0x08000f90                USART2_IRQHandler
                0x08000f90                I2C2_ER_IRQHandler
                0x08000f90                DMA2_Stream1_IRQHandler
                0x08000f90                CAN1_SCE_IRQHandler
                0x08000f90                DMA2_Stream4_IRQHandler
                0x08000f90                BusFault_Handler
                0x08000f90                USART1_IRQHandler
                0x08000f90                OTG_FS_IRQHandler
                0x08000f90                SPI3_IRQHandler
                0x08000f90                DMA1_Stream4_IRQHandler
                0x08000f90                I2C1_ER_IRQHandler
                0x08000f90                DMA2_Stream6_IRQHandler
                0x08000f90                DMA1_Stream3_IRQHandler
 *(.glue_7)
 .glue_7        0x08000f92        0x0 linker stubs
 *(.glue_7t)
 .glue_7t       0x08000f92        0x0 linker stubs
 *(.eh_frame)
 *fill*         0x08000f92        0x2 
 .eh_frame      0x08000f94        0x0 c:/ac6/systemworkbench/plugins/fr.ac6.mcu.externaltools.arm-none.win32_1.17.0.201812190825/tools/compiler/bin/../lib/gcc/arm-none-eabi/7.3.1/thumb/v7e-m/crtbegin.o
 *(.init)
 .init          0x08000f94        0x4 c:/ac6/systemworkbench/plugins/fr.ac6.mcu.externaltools.arm-none.win32_1.17.0.201812190825/tools/compiler/bin/../lib/gcc/arm-none-eabi/7.3.1/thumb/v7e-m/crti.o
                0x08000f94                _init
 .init          0x08000f98        0x8 c:/ac6/systemworkbench/plugins/fr.ac6.mcu.externaltools.arm-none.win32_1.17.0.201812190825/tools/compiler/bin/../lib/gcc/arm-none-eabi/7.3.1/thumb/v7e-m/crtn.o
 *(.fini)
 .fini          0x08000fa0        0x4 c:/ac6/systemworkbench/plugins/fr.ac6.mcu.externaltools.arm-none.win32_1.17.0.201812190825/tools/compiler/bin/../lib/gcc/arm-none-eabi/7.3.1/thumb/v7e-m/crti.o
                0x08000fa0                _fini
 .fini          0x08000fa4        0x8 c:/ac6/systemworkbench/plugins/fr.ac6.mcu.externaltools.arm-none.win32_1.17.0.201812190825/tools/compiler/bin/../lib/gcc/arm-none-eabi/7.3.1/thumb/v7e-m/crtn.o
                0x08000fac                . = ALIGN (0x4)
                0x08000fac                _etext = .

.vfp11_veneer   0x08000fac        0x0
 .vfp11_veneer  0x08000fac        0x0 linker stubs

.v4_bx          0x08000fac        0x0
 .v4_bx         0x08000fac        0x0 linker stubs

.iplt           0x08000fac        0x0
 .iplt          0x08000fac        0x0 c:/ac6/systemworkbench/plugins/fr.ac6.mcu.externaltools.arm-none.win32_1.17.0.201812190825/tools/compiler/bin/../lib/gcc/arm-none-eabi/7.3.1/thumb/v7e-m/crtbegin.o

.rodata         0x08000fac        0x4
                0x08000fac                . = ALIGN (0x4)
 *(.rodata)
 *(.rodata*)
 .rodata._global_impure_ptr
                0x08000fac        0x4 c:/ac6/systemworkbench/plugins/fr.ac6.mcu.externaltools.arm-none.win32_1.17.0.201812190825/tools/compiler/bin/../lib/gcc/arm-none-eabi/7.3.1/../../../../arm-none-eabi/lib/thumb/v7e-m\libc.a(lib_a-impure.o)
                0x08000fac                _global_impure_ptr
                0x08000fb0                . = ALIGN (0x4)

.rel.dyn        0x08000fb0        0x0
 .rel.iplt      0x08000fb0        0x0 c:/ac6/systemworkbench/plugins/fr.ac6.mcu.externaltools.arm-none.win32_1.17.0.201812190825/tools/compiler/bin/../lib/gcc/arm-none-eabi/7.3.1/thumb/v7e-m/crtbegin.o

.ARM.extab      0x08000fb0        0x0
                0x08000fb0                . = ALIGN (0x4)
 *(.ARM.extab* .gnu.linkonce.armextab.*)
                0x08000fb0                . = ALIGN (0x4)

.ARM            0x08000fb0        0x0
                0x08000fb0                . = ALIGN (0x4)
                0x08000fb0                __exidx_start = .
 *(.ARM.exidx*)
                0x08000fb0                __exidx_end = .
                0x08000fb0                . = ALIGN (0x4)

.preinit_array  0x08000fb0        0x0
                0x08000fb0                . = ALIGN (0x4)
                0x08000fb0                PROVIDE (__preinit_array_start = .)
 *(.preinit_array*)
                0x08000fb0                PROVIDE (__preinit_array_end = .)
                0x08000fb0                . = ALIGN (0x4)

.init_array     0x08000fb0        0x8
                0x08000fb0                . = ALIGN (0x4)
                0x08000fb0                PROVIDE (__init_array_start = .)
 *(SORT_BY_NAME(.init_array.*))
 .init_array.00000
                0x08000fb0        0x4 c:/ac6/systemworkbench/plugins/fr.ac6.mcu.externaltools.arm-none.win32_1.17.0.201812190825/tools/compiler/bin/../lib/gcc/arm-none-eabi/7.3.1/../../../../arm-none-eabi/lib/thumb/v7e-m\libc.a(lib_a-__call_atexit.o)
 *(.init_array*)
 .init_array    0x08000fb4        0x4 c:/ac6/systemworkbench/plugins/fr.ac6.mcu.externaltools.arm-none.win32_1.17.0.201812190825/tools/compiler/bin/../lib/gcc/arm-none-eabi/7.3.1/thumb/v7e-m/crtbegin.o
                0x08000fb8                PROVIDE (__init_array_end = .)
                0x08000fb8                . = ALIGN (0x4)

.fini_array     0x08000fb8        0x4
                0x08000fb8                . = ALIGN (0x4)
                0x08000fb8                PROVIDE (__fini_array_start = .)
 *(SORT_BY_NAME(.fini_array.*))
 *(.fini_array*)
 .fini_array    0x08000fb8        0x4 c:/ac6/systemworkbench/plugins/fr.ac6.mcu.externaltools.arm-none.win32_1.17.0.201812190825/tools/compiler/bin/../lib/gcc/arm-none-eabi/7.3.1/thumb/v7e-m/crtbegin.o
                0x08000fbc                PROVIDE (__fini_array_end = .)
                0x08000fbc                . = ALIGN (0x4)
                0x08000fbc                _sidata = LOADADDR (.data)

.data           0x20000000      0x42c load address 0x08000fbc
                0x20000000                . = ALIGN (0x4)
                0x20000000                _sdata = .
 *(.data)
 *(.data*)
 .data.impure_data
                0x20000000      0x428 c:/ac6/systemworkbench/plugins/fr.ac6.mcu.externaltools.arm-none.win32_1.17.0.201812190825/tools/compiler/bin/../lib/gcc/arm-none-eabi/7.3.1/../../../../arm-none-eabi/lib/thumb/v7e-m\libc.a(lib_a-impure.o)
 .data.__atexit_recursive_mutex
                0x20000428        0x4 c:/ac6/systemworkbench/plugins/fr.ac6.mcu.externaltools.arm-none.win32_1.17.0.201812190825/tools/compiler/bin/../lib/gcc/arm-none-eabi/7.3.1/../../../../arm-none-eabi/lib/thumb/v7e-m\libc.a(lib_a-__call_atexit.o)
                0x20000428                __atexit_recursive_mutex
                0x2000042c                . = ALIGN (0x4)
                0x2000042c                _edata = .

.igot.plt       0x2000042c        0x0 load address 0x080013e8
 .igot.plt      0x2000042c        0x0 c:/ac6/systemworkbench/plugins/fr.ac6.mcu.externaltools.arm-none.win32_1.17.0.201812190825/tools/compiler/bin/../lib/gcc/arm-none-eabi/7.3.1/thumb/v7e-m/crtbegin.o
                0x2000042c                . = ALIGN (0x4)

.bss            0x2000042c       0xd0 load address 0x080013e8
                0x2000042c                _sbss = .
                0x2000042c                __bss_start__ = _sbss
 *(.bss)
 .bss           0x2000042c       0x1c c:/ac6/systemworkbench/plugins/fr.ac6.mcu.externaltools.arm-none.win32_1.17.0.201812190825/tools/compiler/bin/../lib/gcc/arm-none-eabi/7.3.1/thumb/v7e-m/crtbegin.o
 .bss           0x20000448        0x8 src/009spi_cmd_handling_it.o
                0x20000448                RxContFlag
 *(.bss*)
 *(COMMON)
 COMMON         0x20000450       0x21 c:/ac6/systemworkbench/plugins/fr.ac6.mcu.externaltools.arm-none.win32_1.17.0.201812190825/tools/compiler/bin/../lib/gcc/arm-none-eabi/7.3.1/../../../../arm-none-eabi/lib/thumb/v7e-m\libc.a(lib_a-lock.o)
                0x20000450                __lock___atexit_recursive_mutex
                0x20000454                __lock___arc4random_mutex
                0x20000458                __lock___env_recursive_mutex
                0x2000045c                __lock___sinit_recursive_mutex
                0x20000460                __lock___malloc_recursive_mutex
                0x20000464                __lock___at_quick_exit_mutex
                0x20000468                __lock___dd_hash_mutex
                0x2000046c                __lock___tz_mutex
                0x20000470                __lock___sfp_recursive_mutex
 *fill*         0x20000471        0x3 
 COMMON         0x20000474       0x88 src/009spi_cmd_handling_it.o
                0x20000474                ReadByte
                0x20000478                SPI2handle
                0x20000498                RcvBuff
                0x200004fc                . = ALIGN (0x4)
                0x200004fc                _ebss = .
                0x200004fc                __bss_end__ = _ebss

._user_heap_stack
                0x200004fc      0x404 load address 0x080013e8
                0x20000500                . = ALIGN (0x8)
 *fill*         0x200004fc        0x4 
                0x20000500                PROVIDE (end = .)
                [!provide]                PROVIDE (_end = .)
                0x20000500                . = (. + _Min_Heap_Size)
                0x20000900                . = (. + _Min_Stack_Size)
 *fill*         0x20000500      0x400 
                0x20000900                . = ALIGN (0x8)

/DISCARD/
 libc.a(*)
 libm.a(*)
 libgcc.a(*)

.ARM.attributes
                0x00000000       0x2a
 *(.ARM.attributes)
 .ARM.attributes
                0x00000000       0x1e c:/ac6/systemworkbench/plugins/fr.ac6.mcu.externaltools.arm-none.win32_1.17.0.201812190825/tools/compiler/bin/../lib/gcc/arm-none-eabi/7.3.1/thumb/v7e-m/crti.o
 .ARM.attributes
                0x0000001e       0x2e c:/ac6/systemworkbench/plugins/fr.ac6.mcu.externaltools.arm-none.win32_1.17.0.201812190825/tools/compiler/bin/../lib/gcc/arm-none-eabi/7.3.1/thumb/v7e-m/crtbegin.o
 .ARM.attributes
                0x0000004c       0x2e c:/ac6/systemworkbench/plugins/fr.ac6.mcu.externaltools.arm-none.win32_1.17.0.201812190825/tools/compiler/bin/../lib/gcc/arm-none-eabi/7.3.1/../../../../arm-none-eabi/lib/thumb/v7e-m\libc.a(lib_a-impure.o)
 .ARM.attributes
                0x0000007a       0x2e c:/ac6/systemworkbench/plugins/fr.ac6.mcu.externaltools.arm-none.win32_1.17.0.201812190825/tools/compiler/bin/../lib/gcc/arm-none-eabi/7.3.1/../../../../arm-none-eabi/lib/thumb/v7e-m\libc.a(lib_a-init.o)
 .ARM.attributes
                0x000000a8       0x2e c:/ac6/systemworkbench/plugins/fr.ac6.mcu.externaltools.arm-none.win32_1.17.0.201812190825/tools/compiler/bin/../lib/gcc/arm-none-eabi/7.3.1/../../../../arm-none-eabi/lib/thumb/v7e-m\libc.a(lib_a-__call_atexit.o)
 .ARM.attributes
                0x000000d6       0x2e c:/ac6/systemworkbench/plugins/fr.ac6.mcu.externaltools.arm-none.win32_1.17.0.201812190825/tools/compiler/bin/../lib/gcc/arm-none-eabi/7.3.1/../../../../arm-none-eabi/lib/thumb/v7e-m\libc.a(lib_a-atexit.o)
 .ARM.attributes
                0x00000104       0x2e c:/ac6/systemworkbench/plugins/fr.ac6.mcu.externaltools.arm-none.win32_1.17.0.201812190825/tools/compiler/bin/../lib/gcc/arm-none-eabi/7.3.1/../../../../arm-none-eabi/lib/thumb/v7e-m\libc.a(lib_a-fini.o)
 .ARM.attributes
                0x00000132       0x2e c:/ac6/systemworkbench/plugins/fr.ac6.mcu.externaltools.arm-none.win32_1.17.0.201812190825/tools/compiler/bin/../lib/gcc/arm-none-eabi/7.3.1/../../../../arm-none-eabi/lib/thumb/v7e-m\libc.a(lib_a-lock.o)
 .ARM.attributes
                0x00000160       0x2e c:/ac6/systemworkbench/plugins/fr.ac6.mcu.externaltools.arm-none.win32_1.17.0.201812190825/tools/compiler/bin/../lib/gcc/arm-none-eabi/7.3.1/../../../../arm-none-eabi/lib/thumb/v7e-m\libc.a(lib_a-__atexit.o)
 .ARM.attributes
                0x0000018e       0x33 drivers/src/stm32f407xx_gpio_driver.o
 .ARM.attributes
                0x000001c1       0x33 drivers/src/stm32f407xx_spi_driver.o
 .ARM.attributes
                0x000001f4       0x33 src/009spi_cmd_handling_it.o
 .ARM.attributes
                0x00000227       0x21 startup/startup_stm32.o
 .ARM.attributes
                0x00000248       0x1e c:/ac6/systemworkbench/plugins/fr.ac6.mcu.externaltools.arm-none.win32_1.17.0.201812190825/tools/compiler/bin/../lib/gcc/arm-none-eabi/7.3.1/thumb/v7e-m/crtn.o
OUTPUT(stm32f4xx_drivers.elf elf32-littlearm)

.debug_frame    0x00000000      0x7e8
 .debug_frame   0x00000000       0x2c c:/ac6/systemworkbench/plugins/fr.ac6.mcu.externaltools.arm-none.win32_1.17.0.201812190825/tools/compiler/bin/../lib/gcc/arm-none-eabi/7.3.1/../../../../arm-none-eabi/lib/thumb/v7e-m\libc.a(lib_a-init.o)
 .debug_frame   0x0000002c       0x5c c:/ac6/systemworkbench/plugins/fr.ac6.mcu.externaltools.arm-none.win32_1.17.0.201812190825/tools/compiler/bin/../lib/gcc/arm-none-eabi/7.3.1/../../../../arm-none-eabi/lib/thumb/v7e-m\libc.a(lib_a-__call_atexit.o)
 .debug_frame   0x00000088       0x20 c:/ac6/systemworkbench/plugins/fr.ac6.mcu.externaltools.arm-none.win32_1.17.0.201812190825/tools/compiler/bin/../lib/gcc/arm-none-eabi/7.3.1/../../../../arm-none-eabi/lib/thumb/v7e-m\libc.a(lib_a-atexit.o)
 .debug_frame   0x000000a8       0x34 c:/ac6/systemworkbench/plugins/fr.ac6.mcu.externaltools.arm-none.win32_1.17.0.201812190825/tools/compiler/bin/../lib/gcc/arm-none-eabi/7.3.1/../../../../arm-none-eabi/lib/thumb/v7e-m\libc.a(lib_a-fini.o)
 .debug_frame   0x000000dc       0xb0 c:/ac6/systemworkbench/plugins/fr.ac6.mcu.externaltools.arm-none.win32_1.17.0.201812190825/tools/compiler/bin/../lib/gcc/arm-none-eabi/7.3.1/../../../../arm-none-eabi/lib/thumb/v7e-m\libc.a(lib_a-lock.o)
 .debug_frame   0x0000018c       0x34 c:/ac6/systemworkbench/plugins/fr.ac6.mcu.externaltools.arm-none.win32_1.17.0.201812190825/tools/compiler/bin/../lib/gcc/arm-none-eabi/7.3.1/../../../../arm-none-eabi/lib/thumb/v7e-m\libc.a(lib_a-__atexit.o)
 .debug_frame   0x000001c0      0x1c8 drivers/src/stm32f407xx_gpio_driver.o
 .debug_frame   0x00000388      0x33c drivers/src/stm32f407xx_spi_driver.o
 .debug_frame   0x000006c4      0x124 src/009spi_cmd_handling_it.o

.debug_info     0x00000000     0x1cbd
 .debug_info    0x00000000      0x744 drivers/src/stm32f407xx_gpio_driver.o
 .debug_info    0x00000744      0x87b drivers/src/stm32f407xx_spi_driver.o
 .debug_info    0x00000fbf      0xcdc src/009spi_cmd_handling_it.o
 .debug_info    0x00001c9b       0x22 startup/startup_stm32.o

.debug_abbrev   0x00000000      0x5a1
 .debug_abbrev  0x00000000      0x175 drivers/src/stm32f407xx_gpio_driver.o
 .debug_abbrev  0x00000175      0x1b1 drivers/src/stm32f407xx_spi_driver.o
 .debug_abbrev  0x00000326      0x269 src/009spi_cmd_handling_it.o
 .debug_abbrev  0x0000058f       0x12 startup/startup_stm32.o

.debug_aranges  0x00000000      0x1b0
 .debug_aranges
                0x00000000       0x70 drivers/src/stm32f407xx_gpio_driver.o
 .debug_aranges
                0x00000070       0xc0 drivers/src/stm32f407xx_spi_driver.o
 .debug_aranges
                0x00000130       0x58 src/009spi_cmd_handling_it.o
 .debug_aranges
                0x00000188       0x28 startup/startup_stm32.o

.debug_ranges   0x00000000      0x178
 .debug_ranges  0x00000000       0x60 drivers/src/stm32f407xx_gpio_driver.o
 .debug_ranges  0x00000060       0xb0 drivers/src/stm32f407xx_spi_driver.o
 .debug_ranges  0x00000110       0x48 src/009spi_cmd_handling_it.o
 .debug_ranges  0x00000158       0x20 startup/startup_stm32.o

.debug_macro    0x00000000     0x2b10
 .debug_macro   0x00000000       0xc2 drivers/src/stm32f407xx_gpio_driver.o
 .debug_macro   0x000000c2      0xa66 drivers/src/stm32f407xx_gpio_driver.o
 .debug_macro   0x00000b28      0x174 drivers/src/stm32f407xx_gpio_driver.o
 .debug_macro   0x00000c9c       0x22 drivers/src/stm32f407xx_gpio_driver.o
 .debug_macro   0x00000cbe       0x8e drivers/src/stm32f407xx_gpio_driver.o
 .debug_macro   0x00000d4c       0x51 drivers/src/stm32f407xx_gpio_driver.o
 .debug_macro   0x00000d9d       0xef drivers/src/stm32f407xx_gpio_driver.o
 .debug_macro   0x00000e8c       0x6a drivers/src/stm32f407xx_gpio_driver.o
 .debug_macro   0x00000ef6      0x1df drivers/src/stm32f407xx_gpio_driver.o
 .debug_macro   0x000010d5      0x674 drivers/src/stm32f407xx_gpio_driver.o
 .debug_macro   0x00001749       0xbe drivers/src/stm32f407xx_gpio_driver.o
 .debug_macro   0x00001807       0xd6 drivers/src/stm32f407xx_gpio_driver.o
 .debug_macro   0x000018dd      0x108 drivers/src/stm32f407xx_gpio_driver.o
 .debug_macro   0x000019e5       0xc4 drivers/src/stm32f407xx_gpio_driver.o
 .debug_macro   0x00001aa9       0xc2 drivers/src/stm32f407xx_spi_driver.o
 .debug_macro   0x00001b6b      0x281 src/009spi_cmd_handling_it.o
 .debug_macro   0x00001dec       0x58 src/009spi_cmd_handling_it.o
 .debug_macro   0x00001e44       0x18 src/009spi_cmd_handling_it.o
 .debug_macro   0x00001e5c       0x94 src/009spi_cmd_handling_it.o
 .debug_macro   0x00001ef0       0x35 src/009spi_cmd_handling_it.o
 .debug_macro   0x00001f25       0x34 src/009spi_cmd_handling_it.o
 .debug_macro   0x00001f59       0x16 src/009spi_cmd_handling_it.o
 .debug_macro   0x00001f6f       0x57 src/009spi_cmd_handling_it.o
 .debug_macro   0x00001fc6       0x97 src/009spi_cmd_handling_it.o
 .debug_macro   0x0000205d      0x330 src/009spi_cmd_handling_it.o
 .debug_macro   0x0000238d       0xfd src/009spi_cmd_handling_it.o
 .debug_macro   0x0000248a       0x10 src/009spi_cmd_handling_it.o
 .debug_macro   0x0000249a       0x58 src/009spi_cmd_handling_it.o
 .debug_macro   0x000024f2       0x1f src/009spi_cmd_handling_it.o
 .debug_macro   0x00002511       0x43 src/009spi_cmd_handling_it.o
 .debug_macro   0x00002554       0x20 src/009spi_cmd_handling_it.o
 .debug_macro   0x00002574      0x18e src/009spi_cmd_handling_it.o
 .debug_macro   0x00002702       0x10 src/009spi_cmd_handling_it.o
 .debug_macro   0x00002712       0x1c src/009spi_cmd_handling_it.o
 .debug_macro   0x0000272e       0x52 src/009spi_cmd_handling_it.o
 .debug_macro   0x00002780       0x40 src/009spi_cmd_handling_it.o
 .debug_macro   0x000027c0       0x10 src/009spi_cmd_handling_it.o
 .debug_macro   0x000027d0       0x40 src/009spi_cmd_handling_it.o
 .debug_macro   0x00002810       0xd7 src/009spi_cmd_handling_it.o
 .debug_macro   0x000028e7       0x1c src/009spi_cmd_handling_it.o
 .debug_macro   0x00002903       0x3d src/009spi_cmd_handling_it.o
 .debug_macro   0x00002940       0x16 src/009spi_cmd_handling_it.o
 .debug_macro   0x00002956      0x16f src/009spi_cmd_handling_it.o
 .debug_macro   0x00002ac5       0x16 src/009spi_cmd_handling_it.o
 .debug_macro   0x00002adb       0x35 src/009spi_cmd_handling_it.o

.debug_line     0x00000000     0x12e3
 .debug_line    0x00000000      0x5fd drivers/src/stm32f407xx_gpio_driver.o
 .debug_line    0x000005fd      0x641 drivers/src/stm32f407xx_spi_driver.o
 .debug_line    0x00000c3e      0x629 src/009spi_cmd_handling_it.o
 .debug_line    0x00001267       0x7c startup/startup_stm32.o

.debug_str      0x00000000     0xaabf
 .debug_str     0x00000000     0x688d drivers/src/stm32f407xx_gpio_driver.o
                               0x6aaa (size before relaxing)
 .debug_str     0x0000688d      0x2b6 drivers/src/stm32f407xx_spi_driver.o
                               0x6b35 (size before relaxing)
 .debug_str     0x00006b43     0x3f53 src/009spi_cmd_handling_it.o
                               0xa84e (size before relaxing)
 .debug_str     0x0000aa96       0x29 startup/startup_stm32.o
                                 0x9d (size before relaxing)

.comment        0x00000000       0x7f
 .comment       0x00000000       0x7f drivers/src/stm32f407xx_gpio_driver.o
                                 0x80 (size before relaxing)
 .comment       0x0000007f       0x80 drivers/src/stm32f407xx_spi_driver.o
 .comment       0x0000007f       0x80 src/009spi_cmd_handling_it.o
